MPLINK 4.48, Linker
Linker Map File - Created Sun Nov 29 14:57:14 2020

                                 Section Info
                  Section       Type    Address   Location Size(Bytes)
                ---------  ---------  ---------  ---------  ---------
                   .org_0       code   0x000000    program   0x000000
                   .org_1       code   0x000000    program   0x0000c6
.config_2007_ADCESERIAL.O       code   0x002007    program   0x000002



                              Program Memory Usage 
                               Start         End      
                           ---------   ---------      
                            0x000000    0x000062      
                            0x002007    0x002007      
            100 out of 4230 program addresses used, program memory utilization is 2%



                              Symbols - Sorted by Name
                     Name    Address   Location    Storage File                     
                ---------  ---------  ---------  --------- ---------                
            CONFIG_ADCON0   0x00002f    program     static D:\Documentos\Faculdade\UNESP - BCC\2020\2° Semestre\Microcontroladores\Projetos\05. 13-11 - ADC e Serial\ADCeSerial.asm
            CONFIG_ADCON1   0x000034    program     static D:\Documentos\Faculdade\UNESP - BCC\2020\2° Semestre\Microcontroladores\Projetos\05. 13-11 - ADC e Serial\ADCeSerial.asm
            CONFIG_INTCON   0x000007    program     static D:\Documentos\Faculdade\UNESP - BCC\2020\2° Semestre\Microcontroladores\Projetos\05. 13-11 - ADC e Serial\ADCeSerial.asm
              CONFIG_PIE1   0x00001b    program     static D:\Documentos\Faculdade\UNESP - BCC\2020\2° Semestre\Microcontroladores\Projetos\05. 13-11 - ADC e Serial\ADCeSerial.asm
              CONFIG_PIR1   0x000020    program     static D:\Documentos\Faculdade\UNESP - BCC\2020\2° Semestre\Microcontroladores\Projetos\05. 13-11 - ADC e Serial\ADCeSerial.asm
             CONFIG_RCSTA   0x000011    program     static D:\Documentos\Faculdade\UNESP - BCC\2020\2° Semestre\Microcontroladores\Projetos\05. 13-11 - ADC e Serial\ADCeSerial.asm
             CONFIG_SPBRG   0x000016    program     static D:\Documentos\Faculdade\UNESP - BCC\2020\2° Semestre\Microcontroladores\Projetos\05. 13-11 - ADC e Serial\ADCeSerial.asm
         CONFIG_TRISA_ADC   0x00002a    program     static D:\Documentos\Faculdade\UNESP - BCC\2020\2° Semestre\Microcontroladores\Projetos\05. 13-11 - ADC e Serial\ADCeSerial.asm
      CONFIG_TRISB_SERIAL   0x000025    program     static D:\Documentos\Faculdade\UNESP - BCC\2020\2° Semestre\Microcontroladores\Projetos\05. 13-11 - ADC e Serial\ADCeSerial.asm
             CONFIG_TXSTA   0x00000c    program     static D:\Documentos\Faculdade\UNESP - BCC\2020\2° Semestre\Microcontroladores\Projetos\05. 13-11 - ADC e Serial\ADCeSerial.asm
                 DELAY255   0x000001    program     static D:\Documentos\Faculdade\UNESP - BCC\2020\2° Semestre\Microcontroladores\Projetos\05. 13-11 - ADC e Serial\ADCeSerial.asm
                   INICIO   0x000039    program     static D:\Documentos\Faculdade\UNESP - BCC\2020\2° Semestre\Microcontroladores\Projetos\05. 13-11 - ADC e Serial\ADCeSerial.asm
                     LOOP   0x000043    program     static D:\Documentos\Faculdade\UNESP - BCC\2020\2° Semestre\Microcontroladores\Projetos\05. 13-11 - ADC e Serial\ADCeSerial.asm



                              Symbols - Sorted by Address
                     Name    Address   Location    Storage File                     
                ---------  ---------  ---------  --------- ---------                
                 DELAY255   0x000001    program     static D:\Documentos\Faculdade\UNESP - BCC\2020\2° Semestre\Microcontroladores\Projetos\05. 13-11 - ADC e Serial\ADCeSerial.asm
            CONFIG_INTCON   0x000007    program     static D:\Documentos\Faculdade\UNESP - BCC\2020\2° Semestre\Microcontroladores\Projetos\05. 13-11 - ADC e Serial\ADCeSerial.asm
             CONFIG_TXSTA   0x00000c    program     static D:\Documentos\Faculdade\UNESP - BCC\2020\2° Semestre\Microcontroladores\Projetos\05. 13-11 - ADC e Serial\ADCeSerial.asm
             CONFIG_RCSTA   0x000011    program     static D:\Documentos\Faculdade\UNESP - BCC\2020\2° Semestre\Microcontroladores\Projetos\05. 13-11 - ADC e Serial\ADCeSerial.asm
             CONFIG_SPBRG   0x000016    program     static D:\Documentos\Faculdade\UNESP - BCC\2020\2° Semestre\Microcontroladores\Projetos\05. 13-11 - ADC e Serial\ADCeSerial.asm
              CONFIG_PIE1   0x00001b    program     static D:\Documentos\Faculdade\UNESP - BCC\2020\2° Semestre\Microcontroladores\Projetos\05. 13-11 - ADC e Serial\ADCeSerial.asm
              CONFIG_PIR1   0x000020    program     static D:\Documentos\Faculdade\UNESP - BCC\2020\2° Semestre\Microcontroladores\Projetos\05. 13-11 - ADC e Serial\ADCeSerial.asm
      CONFIG_TRISB_SERIAL   0x000025    program     static D:\Documentos\Faculdade\UNESP - BCC\2020\2° Semestre\Microcontroladores\Projetos\05. 13-11 - ADC e Serial\ADCeSerial.asm
         CONFIG_TRISA_ADC   0x00002a    program     static D:\Documentos\Faculdade\UNESP - BCC\2020\2° Semestre\Microcontroladores\Projetos\05. 13-11 - ADC e Serial\ADCeSerial.asm
            CONFIG_ADCON0   0x00002f    program     static D:\Documentos\Faculdade\UNESP - BCC\2020\2° Semestre\Microcontroladores\Projetos\05. 13-11 - ADC e Serial\ADCeSerial.asm
            CONFIG_ADCON1   0x000034    program     static D:\Documentos\Faculdade\UNESP - BCC\2020\2° Semestre\Microcontroladores\Projetos\05. 13-11 - ADC e Serial\ADCeSerial.asm
                   INICIO   0x000039    program     static D:\Documentos\Faculdade\UNESP - BCC\2020\2° Semestre\Microcontroladores\Projetos\05. 13-11 - ADC e Serial\ADCeSerial.asm
                     LOOP   0x000043    program     static D:\Documentos\Faculdade\UNESP - BCC\2020\2° Semestre\Microcontroladores\Projetos\05. 13-11 - ADC e Serial\ADCeSerial.asm


