MPLINK 4.49, Linker
Linker Map File - Created Fri Dec 10 12:47:30 2021

                                 Section Info
                  Section       Type    Address   Location Size(Bytes)
                ---------  ---------  ---------  ---------  ---------
                   .org_0       code   0x000000    program   0x000000
                   .org_1       code   0x000000    program   0x000002
                   .org_2       code   0x000004    program   0x00006c
.config_2007_T4_MOTOR_DE_PASSO.O       code   0x002007    program   0x000002



                              Program Memory Usage 
                               Start         End      
                           ---------   ---------      
                            0x000000    0x000000      
                            0x000004    0x000039      
                            0x002007    0x002007      
            56 out of 2182 program addresses used, program memory utilization is 2%



                              Symbols - Sorted by Name
                     Name    Address   Location    Storage File                     
                ---------  ---------  ---------  --------- ---------                
     CONFIG_INICIAL_PORTB   0x000015    program     static D:\Documentos\Faculdade\UNESP - BCC\2021\2° Semestre\Monitoria - Microcontroladores\Projetos\06. 10-12-21 - Motor de Passo\T4_Motor_de_Passo.asm
            CONFIG_INTCON   0x00001d    program     static D:\Documentos\Faculdade\UNESP - BCC\2021\2° Semestre\Monitoria - Microcontroladores\Projetos\06. 10-12-21 - Motor de Passo\T4_Motor_de_Passo.asm
         CONFIG_OPTIONREG   0x000018    program     static D:\Documentos\Faculdade\UNESP - BCC\2021\2° Semestre\Monitoria - Microcontroladores\Projetos\06. 10-12-21 - Motor de Passo\T4_Motor_de_Passo.asm
             CONFIG_PORTB   0x000027    program     static D:\Documentos\Faculdade\UNESP - BCC\2021\2° Semestre\Monitoria - Microcontroladores\Projetos\06. 10-12-21 - Motor de Passo\T4_Motor_de_Passo.asm
              CONFIG_TMR0   0x00002c    program     static D:\Documentos\Faculdade\UNESP - BCC\2021\2° Semestre\Monitoria - Microcontroladores\Projetos\06. 10-12-21 - Motor de Passo\T4_Motor_de_Passo.asm
             CONFIG_TRISB   0x000022    program     static D:\Documentos\Faculdade\UNESP - BCC\2021\2° Semestre\Monitoria - Microcontroladores\Projetos\06. 10-12-21 - Motor de Passo\T4_Motor_de_Passo.asm
               FIM_CONFIG   0x000033    program     static D:\Documentos\Faculdade\UNESP - BCC\2021\2° Semestre\Monitoria - Microcontroladores\Projetos\06. 10-12-21 - Motor de Passo\T4_Motor_de_Passo.asm
                   FIM_T0   0x000012    program     static D:\Documentos\Faculdade\UNESP - BCC\2021\2° Semestre\Monitoria - Microcontroladores\Projetos\06. 10-12-21 - Motor de Passo\T4_Motor_de_Passo.asm
                   INICIO   0x000034    program     static D:\Documentos\Faculdade\UNESP - BCC\2021\2° Semestre\Monitoria - Microcontroladores\Projetos\06. 10-12-21 - Motor de Passo\T4_Motor_de_Passo.asm
            ROTACAO_MOTOR   0x000013    program     static D:\Documentos\Faculdade\UNESP - BCC\2021\2° Semestre\Monitoria - Microcontroladores\Projetos\06. 10-12-21 - Motor de Passo\T4_Motor_de_Passo.asm



                              Symbols - Sorted by Address
                     Name    Address   Location    Storage File                     
                ---------  ---------  ---------  --------- ---------                
                   FIM_T0   0x000012    program     static D:\Documentos\Faculdade\UNESP - BCC\2021\2° Semestre\Monitoria - Microcontroladores\Projetos\06. 10-12-21 - Motor de Passo\T4_Motor_de_Passo.asm
            ROTACAO_MOTOR   0x000013    program     static D:\Documentos\Faculdade\UNESP - BCC\2021\2° Semestre\Monitoria - Microcontroladores\Projetos\06. 10-12-21 - Motor de Passo\T4_Motor_de_Passo.asm
     CONFIG_INICIAL_PORTB   0x000015    program     static D:\Documentos\Faculdade\UNESP - BCC\2021\2° Semestre\Monitoria - Microcontroladores\Projetos\06. 10-12-21 - Motor de Passo\T4_Motor_de_Passo.asm
         CONFIG_OPTIONREG   0x000018    program     static D:\Documentos\Faculdade\UNESP - BCC\2021\2° Semestre\Monitoria - Microcontroladores\Projetos\06. 10-12-21 - Motor de Passo\T4_Motor_de_Passo.asm
            CONFIG_INTCON   0x00001d    program     static D:\Documentos\Faculdade\UNESP - BCC\2021\2° Semestre\Monitoria - Microcontroladores\Projetos\06. 10-12-21 - Motor de Passo\T4_Motor_de_Passo.asm
             CONFIG_TRISB   0x000022    program     static D:\Documentos\Faculdade\UNESP - BCC\2021\2° Semestre\Monitoria - Microcontroladores\Projetos\06. 10-12-21 - Motor de Passo\T4_Motor_de_Passo.asm
             CONFIG_PORTB   0x000027    program     static D:\Documentos\Faculdade\UNESP - BCC\2021\2° Semestre\Monitoria - Microcontroladores\Projetos\06. 10-12-21 - Motor de Passo\T4_Motor_de_Passo.asm
              CONFIG_TMR0   0x00002c    program     static D:\Documentos\Faculdade\UNESP - BCC\2021\2° Semestre\Monitoria - Microcontroladores\Projetos\06. 10-12-21 - Motor de Passo\T4_Motor_de_Passo.asm
               FIM_CONFIG   0x000033    program     static D:\Documentos\Faculdade\UNESP - BCC\2021\2° Semestre\Monitoria - Microcontroladores\Projetos\06. 10-12-21 - Motor de Passo\T4_Motor_de_Passo.asm
                   INICIO   0x000034    program     static D:\Documentos\Faculdade\UNESP - BCC\2021\2° Semestre\Monitoria - Microcontroladores\Projetos\06. 10-12-21 - Motor de Passo\T4_Motor_de_Passo.asm


