MPASM  5.50                  INTERRUPTLED.ASM   10-23-2020  20:05:56         PAGE  1


LOC  OBJECT CODE     LINE SOURCE TEXT
  VALUE

                      00001 ;*************************************************************
                      00002 ; Interrupção Externa do PIC16F873                           *                   
                      00003 ; Ligar e Desligar LED no pino R1                            *                   
                      00004 ;                                                            *
                      00005 ; Autor: Davi Augusto Neves Leite                            *                   
                      00006 ; RA: 191027383                                              *                                   
                      00007 ; Data: 04/10/2020                                           *                                   
                      00008 ;*************************************************************
                      00009 
                      00010 #include <p16F873.inc>
                      00001         LIST
                      00002 
                      00003 ;==========================================================================
                      00004 ;  MPASM PIC16F873 processor include
                      00005 ; 
                      00006 ;  (c) Copyright 1999-2013 Microchip Technology, All rights reserved
                      00007 ;==========================================================================
                      00008 
                      00500         LIST
                      00011 ;-------------------------------------------------------------
                      00012         CBLOCK  0x20            ;Configuração do endereço 0x20 para ser um contador auxiliar
  00000020            00013                 AUX
                      00014         ENDC
                      00015 ;-------------------------------------------------------------
0000                  00016         ORG 0x0000
0000   2827           00017         GOTO INICIO             ;Vai para o bloco INICIO (main)
                      00018 ;-------------------------------------------------------------
                      00019 ;Bloco da Rotina de Interrupção
0004                  00020         ORG 0x00004
                      00021         
                      00022         ;Looping: 10 vezes (1 para 10)
0004   3001           00023         MOVLW D'1'
0005   00A0           00024         MOVWF AUX
0006                  00025 LOOP:
0006   201F           00026         CALL CONTROL_LED        ;Chama a rotina de controle do LED
                      00027         
                      00028         ;Verificação do número de voltas
0007   0AA0           00029         INCF AUX, 1             ;Aumenta AUX em 1
0008   0820           00030         MOVF AUX, W             ;Move o valor para o reg. W
0009   3C0B           00031         SUBLW D'11'             ;Contador até 10
000A   1D03           00032         BTFSS STATUS, Z         ;Verifica a flag
000B   2806           00033         GOTO LOOP               ;Caso a resposta seja verdadeira
000C   0000           00034         NOP                     ;Sai do Loop
                      00035 
000D   108B           00036         BCF INTCON, INTF;Desabilitar a flag INTF que indica se uma interrupção ocorreu
000E   0009           00037         RETFIE                  ;Faz o programa voltar a partir do local que foi chamado quando ocorreu 
                            a INT
                      00038 ;-------------------------------------------------------------
                      00039 ;Sub-rotina de Programar a Interrupção
000F                  00040 PROG_INT:
                      00041         ;Configuração do registrador OPTION_REG
000F   1683 1303      00042         BANKSEL OPTION_REG
Message[302]: Register in operand not in bank 0.  Ensure that bank bits are correct.
MPASM  5.50                  INTERRUPTLED.ASM   10-23-2020  20:05:56         PAGE  2


LOC  OBJECT CODE     LINE SOURCE TEXT
  VALUE

0011   1781           00043         BSF OPTION_REG, 7       ;Habilita o bit Pull-Up (ativo em 0)
Message[302]: Register in operand not in bank 0.  Ensure that bank bits are correct.
0012   1301           00044         BCF OPTION_REG, 6       ;Rampa de Sinal Negativa (verifica INT do alto para baixo)
                      00045 
                      00046         ;Configuração do registrador INTCON
0013   1283 1303      00047         BANKSEL INTCON
0015   178B           00048         BSF INTCON, GIE         ;Deixa ativo todas as INT
0016   160B           00049         BSF INTCON, INTE        ;Habilita a INT externa
                      00050         
0017   0008           00051         RETURN
                      00052 ;-------------------------------------------------------------
                      00053 ;Sub-rotina de Programar o Pino de Controle do LED (PORTB)
0018                  00054 PROG_LED:
                      00055         ;Configuração do registrador TRISB, em que está contido o pino RB1 (em PORTB)
0018   1683 1303      00056         BANKSEL TRISB
001A   3085           00057         MOVLW B'10000101'
Message[302]: Register in operand not in bank 0.  Ensure that bank bits are correct.
001B   0086           00058         MOVWF TRISB
                      00059         
                      00060         ;Torna ativo o PORTB
001C   1283 1303      00061         BANKSEL PORTB
                      00062 
001E   0008           00063         RETURN
                      00064 ;-------------------------------------------------------------
                      00065 ;Sub-rotina para Controle do LED
001F                  00066 CONTROL_LED:
                      00067         ;Habilitar o LED por 3 microssegundos
001F   1486           00068         BSF PORTB, 1            ;PORTB, 1 = Alto (RB1 -> alto)
0020   0000           00069         NOP     
0021   0000           00070         NOP
0022   0000           00071         NOP
                      00072 
                      00073         ;Desabilitar o LED por 2 microssegundos
0023   1086           00074         BCF PORTB, 1            ;PORTB, 1 = Baixo (RB1 -> baixo)
0024   0000           00075         NOP
0025   0000           00076         NOP
                      00077         
0026   0008           00078         RETURN
                      00079 ;-------------------------------------------------------------
0027                  00080 INICIO:
                      00081         
0027   200F           00082         CALL PROG_INT           ;Chama a sub-rotina de programar a interrupção (INT)
0028   2018           00083         CALL PROG_LED           ;Chama a sub-rotina de programar o pino de controle do LED (PORTB/RB1)
                      00084         
0029   2829           00085         GOTO $                  ;Chamada para a mesma linha até que ocorra a interrupção
                      00086 
                      00087         END
MPASM  5.50                  INTERRUPTLED.ASM   10-23-2020  20:05:56         PAGE  3


SYMBOL TABLE
  LABEL                             VALUE 

ACKDT                             00000005
ACKEN                             00000004
ACKSTAT                           00000006
ADCON0                            0000001F
ADCON1                            0000009F
ADCS0                             00000006
ADCS1                             00000007
ADDEN                             00000003
ADFM                              00000007
ADIE                              00000006
ADIF                              00000006
ADON                              00000000
ADRESH                            0000001E
ADRESL                            0000009E
AUX                               00000020
BCLIE                             00000003
BCLIF                             00000003
BF                                00000000
BRGH                              00000002
C                                 00000000
CCP1CON                           00000017
CCP1IE                            00000002
CCP1IF                            00000002
CCP1M0                            00000000
CCP1M1                            00000001
CCP1M2                            00000002
CCP1M3                            00000003
CCP1X                             00000005
CCP1Y                             00000004
CCP2CON                           0000001D
CCP2IE                            00000000
CCP2IF                            00000000
CCP2M0                            00000000
CCP2M1                            00000001
CCP2M2                            00000002
CCP2M3                            00000003
CCP2X                             00000005
CCP2Y                             00000004
CCPR1                             00000015
CCPR1H                            00000016
CCPR1L                            00000015
CCPR2                             0000001B
CCPR2H                            0000001C
CCPR2L                            0000001B
CHS0                              00000003
CHS1                              00000004
CHS2                              00000005
CKE                               00000006
CKP                               00000004
CONTROL_LED                       0000001F
CREN                              00000004
CSRC                              00000007
D                                 00000005
MPASM  5.50                  INTERRUPTLED.ASM   10-23-2020  20:05:56         PAGE  4


SYMBOL TABLE
  LABEL                             VALUE 

DATA_ADDRESS                      00000005
DC                                00000001
D_A                               00000005
D_NOT_A                           00000005
EEADR                             0000010D
EEADRH                            0000010F
EECON1                            0000018C
EECON2                            0000018D
EEDATA                            0000010C
EEDATH                            0000010E
EEIE                              00000004
EEIF                              00000004
EEPGD                             00000007
F                                 00000001
FERR                              00000002
FSR                               00000004
GCEN                              00000007
GIE                               00000007
GO                                00000002
GO_DONE                           00000002
GO_NOT_DONE                       00000002
I2C_DATA                          00000005
I2C_READ                          00000002
I2C_START                         00000003
I2C_STOP                          00000004
INDF                              00000000
INICIO                            00000027
INTCON                            0000000B
INTE                              00000004
INTEDG                            00000006
INTF                              00000001
IRP                               00000007
LOOP                              00000006
NOT_A                             00000005
NOT_ADDRESS                       00000005
NOT_BO                            00000000
NOT_BOR                           00000000
NOT_DONE                          00000002
NOT_PD                            00000003
NOT_POR                           00000001
NOT_RBPU                          00000007
NOT_RC8                           00000006
NOT_T1SYNC                        00000002
NOT_TO                            00000004
NOT_TX8                           00000006
NOT_W                             00000002
NOT_WRITE                         00000002
OERR                              00000001
OPTION_REG                        00000081
P                                 00000004
PCFG0                             00000000
PCFG1                             00000001
PCFG2                             00000002
MPASM  5.50                  INTERRUPTLED.ASM   10-23-2020  20:05:56         PAGE  5


SYMBOL TABLE
  LABEL                             VALUE 

PCFG3                             00000003
PCL                               00000002
PCLATH                            0000000A
PCON                              0000008E
PEIE                              00000006
PEN                               00000002
PIE1                              0000008C
PIE2                              0000008D
PIR1                              0000000C
PIR2                              0000000D
PORTA                             00000005
PORTB                             00000006
PORTC                             00000007
PR2                               00000092
PROG_INT                          0000000F
PROG_LED                          00000018
PS0                               00000000
PS1                               00000001
PS2                               00000002
PSA                               00000003
R                                 00000002
RA0                               00000000
RA1                               00000001
RA2                               00000002
RA3                               00000003
RA4                               00000004
RA5                               00000005
RB0                               00000000
RB1                               00000001
RB2                               00000002
RB3                               00000003
RB4                               00000004
RB5                               00000005
RB6                               00000006
RB7                               00000007
RBIE                              00000003
RBIF                              00000000
RC0                               00000000
RC1                               00000001
RC2                               00000002
RC3                               00000003
RC4                               00000004
RC5                               00000005
RC6                               00000006
RC7                               00000007
RC8_9                             00000006
RC9                               00000006
RCD8                              00000000
RCEN                              00000003
RCIE                              00000005
RCIF                              00000005
RCREG                             0000001A
RCSTA                             00000018
MPASM  5.50                  INTERRUPTLED.ASM   10-23-2020  20:05:56         PAGE  6


SYMBOL TABLE
  LABEL                             VALUE 

RD                                00000000
READ_WRITE                        00000002
RP0                               00000005
RP1                               00000006
RSEN                              00000001
RX9                               00000006
RX9D                              00000000
R_NOT_W                           00000002
R_W                               00000002
S                                 00000003
SEN                               00000000
SMP                               00000007
SPBRG                             00000099
SPEN                              00000007
SREN                              00000005
SSPADD                            00000093
SSPBUF                            00000013
SSPCON                            00000014
SSPCON2                           00000091
SSPEN                             00000005
SSPIE                             00000003
SSPIF                             00000003
SSPM0                             00000000
SSPM1                             00000001
SSPM2                             00000002
SSPM3                             00000003
SSPOV                             00000006
SSPSTAT                           00000094
STATUS                            00000003
SYNC                              00000004
T0CS                              00000005
T0IE                              00000005
T0IF                              00000002
T0SE                              00000004
T1CKPS0                           00000004
T1CKPS1                           00000005
T1CON                             00000010
T1INSYNC                          00000002
T1OSCEN                           00000003
T1SYNC                            00000002
T2CKPS0                           00000000
T2CKPS1                           00000001
T2CON                             00000012
TMR0                              00000001
TMR0IE                            00000005
TMR0IF                            00000002
TMR1                              0000000E
TMR1CS                            00000001
TMR1H                             0000000F
TMR1IE                            00000000
TMR1IF                            00000000
TMR1L                             0000000E
TMR1ON                            00000000
MPASM  5.50                  INTERRUPTLED.ASM   10-23-2020  20:05:56         PAGE  7


SYMBOL TABLE
  LABEL                             VALUE 

TMR2                              00000011
TMR2IE                            00000001
TMR2IF                            00000001
TMR2ON                            00000002
TOUTPS0                           00000003
TOUTPS1                           00000004
TOUTPS2                           00000005
TOUTPS3                           00000006
TRISA                             00000085
TRISA0                            00000000
TRISA1                            00000001
TRISA2                            00000002
TRISA3                            00000003
TRISA4                            00000004
TRISA5                            00000005
TRISB                             00000086
TRISB0                            00000000
TRISB1                            00000001
TRISB2                            00000002
TRISB3                            00000003
TRISB4                            00000004
TRISB5                            00000005
TRISB6                            00000006
TRISB7                            00000007
TRISC                             00000087
TRISC0                            00000000
TRISC1                            00000001
TRISC2                            00000002
TRISC3                            00000003
TRISC4                            00000004
TRISC5                            00000005
TRISC6                            00000006
TRISC7                            00000007
TRMT                              00000001
TX8_9                             00000006
TX9                               00000006
TX9D                              00000000
TXD8                              00000000
TXEN                              00000005
TXIE                              00000004
TXIF                              00000004
TXREG                             00000019
TXSTA                             00000098
UA                                00000001
W                                 00000000
WCOL                              00000007
WR                                00000001
WREN                              00000002
WRERR                             00000003
Z                                 00000002
_BODEN_OFF                        00003FBF
_BODEN_ON                         00003FFF
_BOREN_OFF                        00003FBF
MPASM  5.50                  INTERRUPTLED.ASM   10-23-2020  20:05:56         PAGE  8


SYMBOL TABLE
  LABEL                             VALUE 

_BOREN_ON                         00003FFF
_CONFIG                           00002007
_CPD_OFF                          00003FFF
_CPD_ON                           00003EFF
_CP_ALL                           00000FCF
_CP_HALF                          00001FDF
_CP_OFF                           00003FFF
_CP_UPPER_256                     00002FEF
_DEBUG_OFF                        00003FFF
_DEBUG_ON                         000037FF
_DEVID1                           00002006
_FOSC_EXTRC                       00003FFF
_FOSC_HS                          00003FFE
_FOSC_LP                          00003FFC
_FOSC_XT                          00003FFD
_HS_OSC                           00003FFE
_IDLOC0                           00002000
_IDLOC1                           00002001
_IDLOC2                           00002002
_IDLOC3                           00002003
_LP_OSC                           00003FFC
_LVP_OFF                          00003F7F
_LVP_ON                           00003FFF
_PWRTE_OFF                        00003FFF
_PWRTE_ON                         00003FF7
_RC_OSC                           00003FFF
_WDTE_OFF                         00003FFB
_WDTE_ON                          00003FFF
_WDT_OFF                          00003FFB
_WDT_ON                           00003FFF
_WRT_ENABLE_OFF                   00003DFF
_WRT_ENABLE_ON                    00003FFF
_WRT_OFF                          00003DFF
_WRT_ON                           00003FFF
_XT_OSC                           00003FFD
__16F873                          00000001
__DEBUG                           1


MEMORY USAGE MAP ('X' = Used,  '-' = Unused)

0000 : X---XXXXXXXXXXXX XXXXXXXXXXXXXXXX XXXXXXXXXX------ ----------------

All other memory blocks unused.

Program Memory Words Used:    39
Program Memory Words Free:  4057


MPASM  5.50                  INTERRUPTLED.ASM   10-23-2020  20:05:56         PAGE  9





Errors   :     0
Warnings :     0 reported,     0 suppressed
Messages :     3 reported,     0 suppressed

